C:/PolyLoop/UART_SPI/ADXL355_SPI_UART/Core/Src/main.c:124:6:set7SegOutput	32	static
C:/PolyLoop/UART_SPI/ADXL355_SPI_UART/Core/Src/main.c:138:6:selectAccelerometer	4	static
C:/PolyLoop/UART_SPI/ADXL355_SPI_UART/Core/Src/main.c:141:6:deselectAccelerometer	4	static
C:/PolyLoop/UART_SPI/ADXL355_SPI_UART/Core/Src/main.c:145:6:setAccelMeasurementRange	4	static
C:/PolyLoop/UART_SPI/ADXL355_SPI_UART/Core/Src/main.c:148:6:SPI_Write	32	static
C:/PolyLoop/UART_SPI/ADXL355_SPI_UART/Core/Src/main.c:172:10:SPI_Read	32	static
C:/PolyLoop/UART_SPI/ADXL355_SPI_UART/Core/Src/main.c:244:6:ADXL355_Start_Sensor	8	static
C:/PolyLoop/UART_SPI/ADXL355_SPI_UART/Core/Src/main.c:258:9:ADXL355_Acceleration_Data_Conversion	24	static
C:/PolyLoop/UART_SPI/ADXL355_SPI_UART/Core/Src/main.c:284:5:main	32	static
C:/PolyLoop/UART_SPI/ADXL355_SPI_UART/Core/Src/main.c:358:6:SystemClock_Config	88	static
C:/PolyLoop/UART_SPI/ADXL355_SPI_UART/Core/Src/main.c:405:13:MX_SPI1_Init	8	static
C:/PolyLoop/UART_SPI/ADXL355_SPI_UART/Core/Src/main.c:445:13:MX_USART2_UART_Init	8	static
C:/PolyLoop/UART_SPI/ADXL355_SPI_UART/Core/Src/main.c:493:13:MX_GPIO_Init	40	static
C:/PolyLoop/UART_SPI/ADXL355_SPI_UART/Core/Src/main.c:519:1:__io_putchar	16	static
C:/PolyLoop/UART_SPI/ADXL355_SPI_UART/Core/Src/main.c:534:6:Error_Handler	4	static,ignoring_inline_asm
